MPLINK 5.09, LINKER
Linker Map File - Created Sun Nov 04 18:16:36 2018

                                 Section Info
                  Section       Type    Address   Location Size(Bytes)
                ---------  ---------  ---------  ---------  ---------
                   .org_0       code   0x000000    program   0x000002
                   .cinit    romdata   0x000001    program   0x000004
                   .org_1       code   0x000004    program   0x0005aa
.config_8007_BUILD/DEFAULT/PRODUCTION/_EXT/14       code   0x008007    program   0x000002
.config_8008_BUILD/DEFAULT/PRODUCTION/_EXT/14       code   0x008008    program   0x000002



                              Program Memory Usage 
                               Start         End      
                           ---------   ---------      
                            0x000000    0x000002      
                            0x000004    0x0002d8      
                            0x008007    0x008008      
            730 out of 2055 program addresses used, program memory utilization is 35%



                              Symbols - Sorted by Name
                     Name    Address   Location    Storage File                     
                ---------  ---------  ---------  --------- ---------                
                      IRQ   0x00004b    program     static ..\mad_cat_backpack_v0.asm
             IRQ_not_tmr0   0x00008d    program     static ..\mad_cat_backpack_v0.asm
             IRQ_not_tmr1   0x00009a    program     static ..\mad_cat_backpack_v0.asm
            IRQ_tmr0_done   0x00008a    program     static ..\mad_cat_backpack_v0.asm
    IRQ_tmr0_pwm_not_zero   0x00006a    program     static ..\mad_cat_backpack_v0.asm
        IRQ_tmr1_not_zero   0x000096    program     static ..\mad_cat_backpack_v0.asm
                 MAINLOOP   0x0000cd    program     static ..\mad_cat_backpack_v0.asm
                    START   0x00009b    program     static ..\mad_cat_backpack_v0.asm
          START_ANIMATION   0x000287    program     static ..\mad_cat_backpack_v0.asm
              _CYCLE_LFSR   0x0002a7    program     static ..\mad_cat_backpack_v0.asm
                   _delay   0x0002bd    program     static ..\mad_cat_backpack_v0.asm
              _pwm_values   0x0002c6    program     static ..\mad_cat_backpack_v0.asm
          animation_blink   0x000248    program     static ..\mad_cat_backpack_v0.asm
     animation_eye_bobble   0x00018e    program     static ..\mad_cat_backpack_v0.asm
  animation_lip_lick_left   0x0001fe    program     static ..\mad_cat_backpack_v0.asm
 animation_lip_lick_right   0x000223    program     static ..\mad_cat_backpack_v0.asm
      animation_lip_piano   0x0001b9    program     static ..\mad_cat_backpack_v0.asm
   animation_smile_in_out   0x00025a    program     static ..\mad_cat_backpack_v0.asm
       animation_sparkles   0x0000f6    program     static ..\mad_cat_backpack_v0.asm
           animation_talk   0x000121    program     static ..\mad_cat_backpack_v0.asm
                 blink_ok   0x000252    program     static ..\mad_cat_backpack_v0.asm
          cycle_lfsr_loop   0x0002a9    program     static ..\mad_cat_backpack_v0.asm
              delay_loop1   0x0002c0    program     static ..\mad_cat_backpack_v0.asm
          eye_bobble_loop   0x000192    program     static ..\mad_cat_backpack_v0.asm
         eye_bobble_loop1   0x000194    program     static ..\mad_cat_backpack_v0.asm
         eye_bobble_loop2   0x00019d    program     static ..\mad_cat_backpack_v0.asm
         eye_bobble_loop3   0x0001a6    program     static ..\mad_cat_backpack_v0.asm
         eye_bobble_loop4   0x0001af    program     static ..\mad_cat_backpack_v0.asm
             eye_out_loop   0x00025c    program     static ..\mad_cat_backpack_v0.asm
            eye_out_loop1   0x00026a    program     static ..\mad_cat_backpack_v0.asm
             eyes_in_loop   0x00029e    program     static ..\mad_cat_backpack_v0.asm
           mainloop_delay   0x0000cf    program     static ..\mad_cat_backpack_v0.asm
            piano_in_loop   0x0001c8    program     static ..\mad_cat_backpack_v0.asm
           piano_in_loop1   0x0001dc    program     static ..\mad_cat_backpack_v0.asm
           piano_in_loop2   0x0001f2    program     static ..\mad_cat_backpack_v0.asm
               piano_loop   0x0001cf    program     static ..\mad_cat_backpack_v0.asm
           piano_out_loop   0x0001bf    program     static ..\mad_cat_backpack_v0.asm
          piano_out_loop1   0x0001d1    program     static ..\mad_cat_backpack_v0.asm
          piano_out_loop2   0x0001e7    program     static ..\mad_cat_backpack_v0.asm
            smile_in_loop   0x000289    program     static ..\mad_cat_backpack_v0.asm
           smile_in_loop1   0x000299    program     static ..\mad_cat_backpack_v0.asm
           smile_out_loop   0x00026f    program     static ..\mad_cat_backpack_v0.asm
          smile_out_loop1   0x000284    program     static ..\mad_cat_backpack_v0.asm
            sparkles_loop   0x0000f8    program     static ..\mad_cat_backpack_v0.asm
                talk_loop   0x000125    program     static ..\mad_cat_backpack_v0.asm
               talk_loop1   0x000127    program     static ..\mad_cat_backpack_v0.asm
               talk_loop2   0x000135    program     static ..\mad_cat_backpack_v0.asm
               talk_loop3   0x000149    program     static ..\mad_cat_backpack_v0.asm
               talk_loop4   0x000154    program     static ..\mad_cat_backpack_v0.asm
               talk_loop5   0x000162    program     static ..\mad_cat_backpack_v0.asm
               talk_loop6   0x00017a    program     static ..\mad_cat_backpack_v0.asm



                              Symbols - Sorted by Address
                     Name    Address   Location    Storage File                     
                ---------  ---------  ---------  --------- ---------                
                      IRQ   0x00004b    program     static ..\mad_cat_backpack_v0.asm
    IRQ_tmr0_pwm_not_zero   0x00006a    program     static ..\mad_cat_backpack_v0.asm
            IRQ_tmr0_done   0x00008a    program     static ..\mad_cat_backpack_v0.asm
             IRQ_not_tmr0   0x00008d    program     static ..\mad_cat_backpack_v0.asm
        IRQ_tmr1_not_zero   0x000096    program     static ..\mad_cat_backpack_v0.asm
             IRQ_not_tmr1   0x00009a    program     static ..\mad_cat_backpack_v0.asm
                    START   0x00009b    program     static ..\mad_cat_backpack_v0.asm
                 MAINLOOP   0x0000cd    program     static ..\mad_cat_backpack_v0.asm
           mainloop_delay   0x0000cf    program     static ..\mad_cat_backpack_v0.asm
       animation_sparkles   0x0000f6    program     static ..\mad_cat_backpack_v0.asm
            sparkles_loop   0x0000f8    program     static ..\mad_cat_backpack_v0.asm
           animation_talk   0x000121    program     static ..\mad_cat_backpack_v0.asm
                talk_loop   0x000125    program     static ..\mad_cat_backpack_v0.asm
               talk_loop1   0x000127    program     static ..\mad_cat_backpack_v0.asm
               talk_loop2   0x000135    program     static ..\mad_cat_backpack_v0.asm
               talk_loop3   0x000149    program     static ..\mad_cat_backpack_v0.asm
               talk_loop4   0x000154    program     static ..\mad_cat_backpack_v0.asm
               talk_loop5   0x000162    program     static ..\mad_cat_backpack_v0.asm
               talk_loop6   0x00017a    program     static ..\mad_cat_backpack_v0.asm
     animation_eye_bobble   0x00018e    program     static ..\mad_cat_backpack_v0.asm
          eye_bobble_loop   0x000192    program     static ..\mad_cat_backpack_v0.asm
         eye_bobble_loop1   0x000194    program     static ..\mad_cat_backpack_v0.asm
         eye_bobble_loop2   0x00019d    program     static ..\mad_cat_backpack_v0.asm
         eye_bobble_loop3   0x0001a6    program     static ..\mad_cat_backpack_v0.asm
         eye_bobble_loop4   0x0001af    program     static ..\mad_cat_backpack_v0.asm
      animation_lip_piano   0x0001b9    program     static ..\mad_cat_backpack_v0.asm
           piano_out_loop   0x0001bf    program     static ..\mad_cat_backpack_v0.asm
            piano_in_loop   0x0001c8    program     static ..\mad_cat_backpack_v0.asm
               piano_loop   0x0001cf    program     static ..\mad_cat_backpack_v0.asm
          piano_out_loop1   0x0001d1    program     static ..\mad_cat_backpack_v0.asm
           piano_in_loop1   0x0001dc    program     static ..\mad_cat_backpack_v0.asm
          piano_out_loop2   0x0001e7    program     static ..\mad_cat_backpack_v0.asm
           piano_in_loop2   0x0001f2    program     static ..\mad_cat_backpack_v0.asm
  animation_lip_lick_left   0x0001fe    program     static ..\mad_cat_backpack_v0.asm
 animation_lip_lick_right   0x000223    program     static ..\mad_cat_backpack_v0.asm
          animation_blink   0x000248    program     static ..\mad_cat_backpack_v0.asm
                 blink_ok   0x000252    program     static ..\mad_cat_backpack_v0.asm
   animation_smile_in_out   0x00025a    program     static ..\mad_cat_backpack_v0.asm
             eye_out_loop   0x00025c    program     static ..\mad_cat_backpack_v0.asm
            eye_out_loop1   0x00026a    program     static ..\mad_cat_backpack_v0.asm
           smile_out_loop   0x00026f    program     static ..\mad_cat_backpack_v0.asm
          smile_out_loop1   0x000284    program     static ..\mad_cat_backpack_v0.asm
          START_ANIMATION   0x000287    program     static ..\mad_cat_backpack_v0.asm
            smile_in_loop   0x000289    program     static ..\mad_cat_backpack_v0.asm
           smile_in_loop1   0x000299    program     static ..\mad_cat_backpack_v0.asm
             eyes_in_loop   0x00029e    program     static ..\mad_cat_backpack_v0.asm
              _CYCLE_LFSR   0x0002a7    program     static ..\mad_cat_backpack_v0.asm
          cycle_lfsr_loop   0x0002a9    program     static ..\mad_cat_backpack_v0.asm
                   _delay   0x0002bd    program     static ..\mad_cat_backpack_v0.asm
              delay_loop1   0x0002c0    program     static ..\mad_cat_backpack_v0.asm
              _pwm_values   0x0002c6    program     static ..\mad_cat_backpack_v0.asm


